[2026-08-26T00:35:55.989323500] Ultimo concurso registrado localmente: 0
[2026-08-26T00:35:58.273329400] Filas leidas del CSV oficial: 4256
[2026-08-26T00:35:58.334331200] Se agregaron 4256 sorteo(s) nuevo(s). Ultimo concurso ahora: 4256
[2026-08-26T00:36:17.177325300] Ultimo concurso registrado localmente: 4256
[2026-08-26T00:36:18.943336] Filas leidas del CSV oficial: 4256
[2026-08-26T00:36:18.950334400] No hay sorteos nuevos. El historico ya esta al dia (concurso 4256).
[2026-08-26T00:36:48.255525600] Ultimo concurso registrado localmente: 4256
[2026-08-26T00:36:50.387533500] Filas leidas del CSV oficial: 4256
[2026-08-26T00:36:50.398532300] No hay sorteos nuevos. El historico ya esta al dia (concurso 4256).
[2026-08-26T00:37:06.824628200] Ultimo concurso registrado localmente: 4256
[2026-08-26T00:37:08.865627200] Filas leidas del CSV oficial: 4256
[2026-08-26T00:37:08.882626600] No hay sorteos nuevos. El historico ya esta al dia (concurso 4256).
[2026-08-26T23:58:35.724706400] Ultimo concurso registrado localmente: 4256
[2026-08-26T23:58:38.545712300] Filas leidas del CSV oficial: 4256
[2026-08-26T23:58:38.556709300] No hay sorteos nuevos. El historico ya esta al dia (concurso 4256).
[2026-08-26T23:59:29.615973800] Ultimo concurso registrado localmente: 4256
[2026-08-26T23:59:31.489984800] Filas leidas del CSV oficial: 4256
[2026-08-26T23:59:31.499983200] No hay sorteos nuevos. El historico ya esta al dia (concurso 4256).
[2026-08-28T00:01:03.000340] Ultimo concurso registrado localmente: 4256
[2026-08-28T00:01:05.551492600] Filas leidas del CSV oficial: 4257
[2026-08-28T00:01:05.596492300] Se agregaron 1 sorteo(s) nuevo(s). Ultimo concurso ahora: 4257
[2026-08-28T00:09:34.661078600] Ultimo concurso registrado localmente: 4257
[2026-08-28T00:09:36.886558600] Filas leidas del CSV oficial: 4257
[2026-08-28T00:09:36.902157700] No hay sorteos nuevos. El historico ya esta al dia (concurso 4257).
[2026-08-30T19:51:36.182083900] Último concurso registrado localmente: 4257
[2026-08-30T19:51:38.754200200] Filas leídas del CSV oficial: 4258
[2026-08-30T19:51:38.801203900] Se agregaron 1 sorteo(s) nuevo(s). Último concurso ahora: 4258
[2026-08-30T19:55:20.743933900] Último concurso registrado localmente: 4258
[2026-08-30T19:55:27.567388900] Filas leídas del CSV oficial: 4258
[2026-08-30T19:55:27.761157900] No hay sorteos nuevos. Todo al día.
